2026-05-22T11:02:25Z info - GET /index.html 401 0
2026-05-22T11:02:25Z info - GET /index.html 401 0
2026-05-22T11:02:25Z info - GET /index.html 200 0
2026-05-22T11:04:08Z info - GET /index.html 401 0
2026-05-22T11:04:08Z info - GET /index.html 401 0
2026-05-22T11:04:08Z info - GET /index.html 200 0
2026-05-23T08:54:18Z info - GET /health 404 0
2026-05-23T08:54:26Z info - GET /health 404 0
2026-05-23T08:56:09Z info - GET /health 404 0
2026-05-23T08:56:49Z info - GET /health 404 0
2026-05-23T09:35:10Z info - GET / 200 0
2026-05-23T09:35:12Z info - GET / 200 0
2026-05-23T09:35:12Z info - GET / 200 0
2026-05-23T09:35:20Z info - GET /index.html 200 0
2026-05-23T09:35:20Z info - GET /index.html 200 0
2026-05-23T09:35:20Z info - GET /index.html 200 0
2026-05-23T09:35:22Z info - GET / 200 0
2026-05-23T09:35:28Z info - POST /v1/chat/completions 429 0
2026-05-23T09:35:35Z info - GET /health 404 0
2026-05-23T10:29:32Z info - GET /health 404 0
2026-05-23T10:33:57Z info - POST /dispatch 403 0
2026-05-23T10:36:25Z info - GET /queued 429 0
2026-05-23T10:36:26Z info - GET /trip 429 0
2026-05-23T10:36:26Z info - GET /trip 429 0
2026-05-23T10:36:28Z info - POST /dispatch 403 0
2026-05-23T10:53:18Z info - GET /health 404 0
2026-05-23T10:53:21Z info - GET /queued 429 0
2026-05-23T10:53:21Z info - GET /trip 429 0
2026-05-23T10:53:22Z info - GET /trip 429 0
2026-05-23T10:53:25Z info - POST /dispatch 403 0
2026-05-23T11:05:03Z info - GET / 200 0
2026-05-23T11:05:05Z info - GET / 200 0
2026-05-23T11:05:05Z info - GET / 200 0
2026-05-23T11:05:13Z info - GET /index.html 200 0
2026-05-23T11:05:13Z info - GET /index.html 200 0
2026-05-23T11:05:13Z info - GET /index.html 200 0
2026-05-23T11:05:14Z info - GET / 200 0
2026-05-23T11:05:20Z info - POST /v1/chat/completions 429 0
2026-05-23T11:05:28Z info - GET /health 404 0
2026-05-23T11:05:31Z info - GET /queued 429 0
2026-05-23T11:05:31Z info - GET /trip 429 0
2026-05-23T11:05:32Z info - GET /trip 429 0
2026-05-23T11:05:35Z info - POST /dispatch 403 0
2026-05-23T11:12:41Z info - GET / 200 0
2026-05-23T11:12:43Z info - GET / 200 0
2026-05-23T11:12:43Z info - GET / 200 0
2026-05-23T11:12:51Z info - GET /index.html 200 0
2026-05-23T11:12:51Z info - GET /index.html 200 0
2026-05-23T11:12:51Z info - GET /index.html 200 0
2026-05-23T11:12:52Z info - GET / 200 0
2026-05-23T11:12:58Z info - POST /v1/chat/completions 429 0
2026-05-23T11:13:06Z info - GET /health 404 0
2026-05-23T11:13:09Z info - GET /queued 429 0
2026-05-23T11:13:09Z info - GET /trip 429 0
2026-05-23T11:13:10Z info - GET /trip 429 0
2026-05-23T11:13:13Z info - POST /dispatch 403 0
2026-05-23T11:29:46Z info - GET / 200 0
2026-05-23T11:29:48Z info - GET / 200 0
2026-05-23T11:29:48Z info - GET / 200 0
2026-05-23T11:29:56Z info - GET /index.html 200 0
2026-05-23T11:29:56Z info - GET /index.html 200 0
2026-05-23T11:29:56Z info - GET /index.html 200 0
2026-05-23T11:29:58Z info - GET / 200 0
2026-05-23T11:30:04Z info - POST /v1/chat/completions 429 0
2026-05-23T11:30:11Z info - GET /health 404 0
2026-05-23T11:30:14Z info - GET /queued 429 0
2026-05-23T11:30:15Z info - GET /trip 429 0
2026-05-23T11:30:15Z info - GET /trip 429 0
2026-05-23T11:30:19Z info - POST /dispatch 403 0
2026-05-23T11:32:46Z info - GET / 200 0
2026-05-23T11:32:48Z info - GET / 200 0
2026-05-23T11:32:48Z info - GET / 200 0
2026-05-23T11:32:56Z info - GET /index.html 200 0
2026-05-23T11:32:56Z info - GET /index.html 200 0
2026-05-23T11:32:56Z info - GET /index.html 200 0
2026-05-23T11:32:58Z info - GET / 200 0
2026-05-23T11:33:04Z info - POST /v1/chat/completions 429 0
2026-05-23T11:33:25Z info - GET /health 404 0
2026-05-23T11:33:27Z info - GET /queued 429 0
2026-05-23T11:33:28Z info - GET /trip 429 0
2026-05-23T11:33:28Z info - GET /trip 429 0
2026-05-23T11:33:32Z info - POST /dispatch 403 0
2026-05-23T12:00:19Z info - GET / 200 0
2026-05-23T12:00:21Z info - GET / 200 0
2026-05-23T12:00:21Z info - GET / 200 0
2026-05-23T12:00:29Z info - GET /index.html 200 0
2026-05-23T12:00:29Z info - GET /index.html 200 0
2026-05-23T12:00:29Z info - GET /index.html 200 0
2026-05-23T12:00:31Z info - GET / 200 0
2026-05-23T12:00:37Z info - POST /v1/chat/completions 429 0
2026-05-23T12:00:58Z info - GET /health 404 0
2026-05-23T12:01:00Z info - GET /queued 429 0
2026-05-23T12:01:01Z info - GET /trip 429 0
2026-05-23T12:01:01Z info - GET /trip 429 0
2026-05-23T12:01:05Z info - POST /dispatch 403 0
2026-05-23T12:04:56Z info - GET / 200 0
2026-05-23T12:04:58Z info - GET / 200 0
2026-05-23T12:04:58Z info - GET / 200 0
2026-05-23T12:05:06Z info - GET /index.html 200 0
2026-05-23T12:05:06Z info - GET /index.html 200 0
2026-05-23T12:05:06Z info - GET /index.html 200 0
2026-05-23T12:05:07Z info - GET / 200 0
2026-05-23T12:05:13Z info - POST /v1/chat/completions 429 0
2026-05-23T12:05:35Z info - GET /health 404 0
2026-05-23T12:05:37Z info - GET /queued 429 0
2026-05-23T12:05:38Z info - GET /trip 429 0
2026-05-23T12:05:38Z info - GET /trip 429 0
2026-05-23T12:05:42Z info - POST /dispatch 403 0
2026-05-23T12:15:37Z info - GET /health 404 0
2026-05-23T12:15:37Z info - GET /health 404 0
2026-05-23T12:15:37Z info - GET /health 429 0
2026-05-23T12:15:37Z info - GET /health 429 0
2026-05-23T12:16:10Z info - GET /health 200 0
2026-05-23T12:16:10Z info - GET /health 200 0
2026-05-23T12:16:10Z info - GET /health 429 0
2026-05-23T12:16:10Z info - GET /health 429 0
2026-05-23T12:17:07Z info - GET / 200 0
2026-05-23T12:17:09Z info - GET / 200 0
2026-05-23T12:17:09Z info - GET / 200 0
2026-05-23T12:17:17Z info - GET /index.html 200 0
2026-05-23T12:17:17Z info - GET /index.html 200 0
2026-05-23T12:17:17Z info - GET /index.html 200 0
2026-05-23T12:17:18Z info - GET / 200 0
2026-05-23T12:17:24Z info - POST /v1/chat/completions 429 0
2026-05-23T12:17:46Z info - GET /health 200 0
2026-05-23T12:17:52Z info - GET /health 200 0
2026-05-23T12:18:10Z info - GET /health 200 0
2026-05-23T12:18:17Z info - GET /health 200 0
2026-05-23T12:18:26Z info - GET /health 200 0
2026-05-23T12:19:02Z info - GET /health 200 0
2026-05-23T12:19:57Z info - GET /health 200 0
2026-05-23T12:20:02Z info - GET /health 200 0
2026-05-23T12:20:07Z info - GET /health 200 0
2026-05-23T12:20:12Z info - GET /health 200 0
2026-05-23T12:20:52Z info - GET /health 200 0
2026-05-23T12:20:53Z info - GET /health 200 0
2026-05-23T12:20:53Z info - GET /health 200 0
2026-05-23T12:20:53Z info - GET /health 429 0
2026-05-23T12:20:53Z info - GET /health 429 0
2026-05-23T12:22:02Z info - GET / 200 0
2026-05-23T12:22:04Z info - GET / 200 0
2026-05-23T12:22:04Z info - GET / 200 0
2026-05-23T12:22:13Z info - GET /index.html 200 0
2026-05-23T12:22:13Z info - GET /index.html 200 0
2026-05-23T12:22:13Z info - GET /index.html 200 0
2026-05-23T12:22:14Z info - GET / 200 0
2026-05-23T12:22:20Z info - POST /v1/chat/completions 429 0
2026-05-23T12:22:41Z info - GET /health 200 0
2026-05-23T12:22:44Z info - GET /queued 429 0
2026-05-23T12:22:45Z info - GET /trip 429 0
2026-05-23T12:22:45Z info - GET /trip 429 0
2026-05-23T12:22:49Z info - POST /dispatch 403 0
2026-05-23T12:22:50Z info - GET /health 200 0
2026-05-23T12:22:50Z info - GET /health 200 0
2026-05-23T12:22:50Z info - GET /health 429 0
2026-05-23T12:22:50Z info - GET /health 429 0
2026-05-23T12:31:06Z info - GET / 200 0
2026-05-23T12:31:08Z info - GET / 200 0
2026-05-23T12:31:08Z info - GET / 200 0
2026-05-23T12:31:16Z info - GET /index.html 200 0
2026-05-23T12:31:16Z info - GET /index.html 200 0
2026-05-23T12:31:16Z info - GET /index.html 200 0
2026-05-23T12:31:18Z info - GET / 200 0
2026-05-23T12:31:24Z info - POST /v1/chat/completions 429 0
2026-05-23T12:31:45Z info - GET /health 200 0
2026-05-23T12:31:47Z info - GET /queued 429 0
2026-05-23T12:31:48Z info - GET /trip 429 0
2026-05-23T12:31:48Z info - GET /trip 429 0
2026-05-23T12:31:52Z info - POST /dispatch 403 0
2026-05-23T12:31:53Z info - GET /health 200 0
2026-05-23T12:31:53Z info - GET /health 200 0
2026-05-23T12:31:53Z info - GET /health 429 0
2026-05-23T12:31:53Z info - GET /health 429 0
2026-05-23T12:38:02Z info - GET / 200 0
2026-05-23T12:38:04Z info - GET / 200 0
2026-05-23T12:38:04Z info - GET / 200 0
2026-05-23T12:38:12Z info - GET /index.html 200 0
2026-05-23T12:38:12Z info - GET /index.html 200 0
2026-05-23T12:38:12Z info - GET /index.html 200 0
2026-05-23T12:38:13Z info - GET / 200 0
2026-05-23T12:38:19Z info - POST /v1/chat/completions 429 0
2026-05-23T12:38:41Z info - GET /health 200 0
2026-05-23T12:38:43Z info - GET /queued 429 0
2026-05-23T12:38:44Z info - GET /trip 429 0
2026-05-23T12:38:44Z info - GET /trip 429 0
2026-05-23T12:38:48Z info - POST /dispatch 403 0
2026-05-23T12:38:49Z info - GET /health 200 0
2026-05-23T12:38:49Z info - GET /health 200 0
2026-05-23T12:38:49Z info - GET /health 429 0
2026-05-23T12:38:49Z info - GET /health 429 0
2026-05-23T13:54:58Z info - GET / 200 0
2026-05-23T13:55:00Z info - GET / 200 0
2026-05-23T13:55:00Z info - GET / 200 0
2026-05-23T13:55:08Z info - GET /index.html 200 0
2026-05-23T13:55:08Z info - GET /index.html 200 0
2026-05-23T13:55:08Z info - GET /index.html 200 0
2026-05-23T13:55:10Z info - GET / 200 0
2026-05-23T13:55:16Z info - POST /v1/chat/completions 429 0
2026-05-23T13:55:37Z info - GET /health 200 0
2026-05-23T13:55:39Z info - GET /queued 429 0
2026-05-23T13:55:40Z info - GET /trip 429 0
2026-05-23T13:55:40Z info - GET /trip 429 0
2026-05-23T13:55:44Z info - POST /dispatch 403 0
2026-05-23T13:55:45Z info - GET /health 200 0
2026-05-23T13:55:45Z info - GET /health 200 0
2026-05-23T13:55:45Z info - GET /health 429 0
2026-05-23T13:55:45Z info - GET /health 429 0
2026-05-23T14:12:54Z info - GET / 200 0
2026-05-23T14:12:56Z info - GET / 200 0
2026-05-23T14:12:56Z info - GET / 200 0
2026-05-23T14:13:04Z info - GET /index.html 200 0
2026-05-23T14:13:04Z info - GET /index.html 200 0
2026-05-23T14:13:04Z info - GET /index.html 200 0
2026-05-23T14:13:05Z info - GET / 200 0
2026-05-23T14:13:11Z info - POST /v1/chat/completions 429 0
2026-05-23T14:13:32Z info - GET /health 200 0
2026-05-23T14:13:35Z info - GET /queued 429 0
2026-05-23T14:13:36Z info - GET /trip 429 0
2026-05-23T14:13:36Z info - GET /trip 429 0
2026-05-23T14:13:40Z info - POST /dispatch 403 0
2026-05-23T14:13:41Z info - GET /health 200 0
2026-05-23T14:13:41Z info - GET /health 200 0
2026-05-23T14:13:41Z info - GET /health 429 0
2026-05-23T14:13:41Z info - GET /health 429 0
2026-05-24T12:51:37Z info - GET /index.html 401 0
2026-05-24T12:51:37Z info - GET /index.html 401 0
2026-05-24T12:51:37Z info - GET /index.html 200 0
2026-05-24T12:51:38Z info - GET / 200 0
2026-05-24T12:51:40Z info - GET / 200 0
2026-05-24T12:51:40Z info - GET / 200 0
2026-05-24T12:51:48Z info - GET /index.html 200 0
2026-05-24T12:51:48Z info - GET /index.html 200 0
2026-05-24T12:51:48Z info - GET /index.html 200 0
2026-05-24T12:51:50Z info - GET / 200 0
2026-05-24T12:51:56Z info - POST /v1/chat/completions 429 0
2026-05-24T12:52:44Z info - GET /index.html 401 0
2026-05-24T12:52:44Z info - GET /index.html 401 0
2026-05-24T12:52:44Z info - GET /index.html 200 0
2026-05-24T12:52:44Z info - GET / 200 0
2026-05-24T12:52:46Z info - GET / 200 0
2026-05-24T12:52:46Z info - GET / 200 0
2026-05-24T12:52:55Z info - GET /index.html 200 0
2026-05-24T12:52:55Z info - GET /index.html 200 0
2026-05-24T12:52:55Z info - GET /index.html 200 0
2026-05-24T12:52:56Z info - GET / 200 0
2026-05-24T12:53:02Z info - POST /v1/chat/completions 429 0
2026-05-24T12:53:24Z info - GET /health 200 0
2026-05-24T12:53:26Z info - GET /queued 429 0
2026-05-24T12:53:27Z info - GET /trip 429 0
2026-05-24T12:53:27Z info - GET /trip 429 0
2026-05-24T12:53:31Z info - POST /dispatch 403 0
2026-05-24T12:53:32Z info - GET /health 200 0
2026-05-24T12:53:32Z info - GET /health 200 0
2026-05-24T12:53:32Z info - GET /health 429 0
2026-05-24T12:53:32Z info - GET /health 429 0
2026-05-24T16:35:51Z info - GET / 200 0
2026-05-24T16:35:51Z info - GET / 200 0
2026-05-24T19:23:29Z info - FOO / 405 0
2026-06-06T23:39:30Z info - GET / 200 0
2026-06-06T23:39:30Z info - GET / 200 0
2026-06-06T23:39:30Z info - GET /..%2f..%2fetc%2fpasswd 400 0
2026-06-06T23:39:30Z info - GET / 200 0
2026-06-06T23:39:30Z info - GET / 200 0
2026-06-06T23:39:30Z info - GET / 200 0
2026-06-06T23:39:30Z info - FOO / 405 0
2026-06-06T23:39:30Z info - GET / 200 0
2026-06-06T23:39:30Z info - GET /etc/passwd 404 0
2026-06-06T23:39:30Z info - GET /../../../../etc/passwd 400 0
2026-06-06T23:39:30Z info - GET /proc/self/environ 404 0
2026-06-06T23:39:30Z info - GET /root/.ssh/id_rsa 404 0
2026-06-06T23:39:30Z info - GET / 200 0
2026-06-06T23:39:32Z info - GET / 200 0
2026-06-06T23:39:32Z info - GET /;bash 404 0
2026-06-06T23:39:32Z info - GET /cgi-bin/test.cgi?x=|/bin/sh 404 0
2026-06-06T23:39:32Z info - GET / 200 0
2026-06-06T23:39:32Z info - GET / 200 0
2026-06-06T23:39:33Z info - GET / 200 0
2026-06-06T23:39:33Z info - GET / 200 0
2026-06-06T23:39:33Z info - GET / 200 0
2026-06-06T23:39:33Z info - GET /static../etc/passwd 404 0
2026-06-06T23:39:33Z info - GET /static..%2fetc%2fpasswd 400 0
2026-06-06T23:39:33Z info - GET /..;/etc/passwd 400 0
2026-06-06T23:39:33Z info - GET /%2e%2e/%2e%2e/etc/passwd 400 0
2026-06-06T23:39:33Z info - GET /file%00.html/../../etc/passwd 400 0
2026-06-06T23:39:33Z info - GET /admin%2f..%2f..%2fetc%2fpasswd 400 0
2026-06-06T23:39:33Z info - GET / 200 0
2026-06-06T23:39:34Z info - GET /$(id) 404 0
2026-06-06T23:39:34Z info - GET /;id; 404 0
2026-06-06T23:39:34Z info - GET /|id| 404 0
2026-06-06T23:39:34Z info - GET /`id` 404 0
2026-06-06T23:39:34Z info - GET /%0aid%0a 400 0
2026-06-06T23:39:34Z info - GET / 200 0
2026-06-06T23:39:34Z info - GET / 200 0
2026-06-06T23:39:34Z info - GET / 200 0
2026-06-06T23:39:34Z info - GET / 200 0
2026-06-06T23:39:34Z info - GET / 200 0
2026-06-06T23:39:34Z info - GET / 200 0
2026-06-06T23:39:47Z info - GET / 200 0
2026-06-06T23:39:47Z info - GET / 200 0
2026-06-06T23:39:48Z info - GET /..%2f..%2fetc%2fpasswd 400 0
2026-06-06T23:39:48Z info - GET / 200 0
2026-06-06T23:39:48Z info - GET / 200 0
2026-06-06T23:39:48Z info - GET / 200 0
2026-06-06T23:39:48Z info - FOO / 405 0
2026-06-06T23:39:48Z info - GET / 200 0
2026-06-06T23:39:48Z info - GET /etc/passwd 404 0
2026-06-06T23:39:48Z info - GET /../../../../etc/passwd 400 0
2026-06-06T23:39:48Z info - GET /proc/self/environ 404 0
2026-06-06T23:39:48Z info - GET /root/.ssh/id_rsa 404 0
2026-06-06T23:39:48Z info - GET / 200 0
2026-06-06T23:39:50Z info - GET / 200 0
2026-06-06T23:39:50Z info - GET /;bash 404 0
2026-06-06T23:39:50Z info - GET /cgi-bin/test.cgi?x=|/bin/sh 404 0
2026-06-06T23:39:50Z info - GET / 200 0
2026-06-06T23:39:50Z info - GET / 200 0
2026-06-06T23:39:51Z info - GET / 200 0
2026-06-06T23:39:51Z info - GET / 200 0
2026-06-06T23:39:51Z info - GET / 200 0
2026-06-06T23:39:51Z info - GET /static../etc/passwd 404 0
2026-06-06T23:39:51Z info - GET /static..%2fetc%2fpasswd 400 0
2026-06-06T23:39:51Z info - GET /..;/etc/passwd 400 0
2026-06-06T23:39:51Z info - GET /%2e%2e/%2e%2e/etc/passwd 400 0
2026-06-06T23:39:51Z info - GET /file%00.html/../../etc/passwd 400 0
2026-06-06T23:39:51Z info - GET /admin%2f..%2f..%2fetc%2fpasswd 400 0
2026-06-06T23:39:51Z info - GET / 200 0
2026-06-06T23:39:51Z info - GET /$(id) 404 0
2026-06-06T23:39:51Z info - GET /;id; 404 0
2026-06-06T23:39:51Z info - GET /|id| 404 0
2026-06-06T23:39:51Z info - GET /`id` 404 0
2026-06-06T23:39:51Z info - GET /%0aid%0a 400 0
2026-06-06T23:39:51Z info - GET / 200 0
2026-06-06T23:39:52Z info - GET / 200 0
2026-06-06T23:39:52Z info - GET / 200 0
2026-06-06T23:39:52Z info - GET / 200 0
2026-06-06T23:39:52Z info - GET / 200 0
2026-06-06T23:39:52Z info - GET / 200 0
2026-06-07T01:02:47Z info - GET / 200 0
2026-06-07T01:02:47Z info - GET / 200 0
2026-06-07T01:02:47Z info - GET /..%2f..%2fetc%2fpasswd 400 0
2026-06-07T01:02:47Z info - GET / 200 0
2026-06-07T01:02:47Z info - GET / 200 0
2026-06-07T01:02:47Z info - GET / 200 0
2026-06-07T01:02:47Z info - FOO / 405 0
2026-06-07T01:02:47Z info - GET / 200 0
2026-06-07T01:02:47Z info - GET /etc/passwd 404 0
2026-06-07T01:02:47Z info - GET /../../../../etc/passwd 400 0
2026-06-07T01:02:47Z info - GET /proc/self/environ 404 0
2026-06-07T01:02:47Z info - GET /root/.ssh/id_rsa 404 0
2026-06-07T01:02:47Z info - GET / 200 0
2026-06-07T01:02:49Z info - GET / 200 0
2026-06-07T01:02:49Z info - GET /;bash 404 0
2026-06-07T01:02:49Z info - GET /cgi-bin/test.cgi?x=|/bin/sh 404 0
2026-06-07T01:02:49Z info - GET / 200 0
2026-06-07T01:02:49Z info - GET / 200 0
2026-06-07T01:02:50Z info - GET / 200 0
2026-06-07T01:02:50Z info - GET / 200 0
2026-06-07T01:02:50Z info - GET / 200 0
2026-06-07T01:02:50Z info - GET /static../etc/passwd 404 0
2026-06-07T01:02:50Z info - GET /static..%2fetc%2fpasswd 400 0
2026-06-07T01:02:50Z info - GET /..;/etc/passwd 400 0
2026-06-07T01:02:50Z info - GET /%2e%2e/%2e%2e/etc/passwd 400 0
2026-06-07T01:02:50Z info - GET /file%00.html/../../etc/passwd 400 0
2026-06-07T01:02:50Z info - GET /admin%2f..%2f..%2fetc%2fpasswd 400 0
2026-06-07T01:02:50Z info - GET / 200 0
2026-06-07T01:02:51Z info - GET /$(id) 404 0
2026-06-07T01:02:51Z info - GET /;id; 404 0
2026-06-07T01:02:51Z info - GET /|id| 404 0
2026-06-07T01:02:51Z info - GET /`id` 404 0
2026-06-07T01:02:51Z info - GET /%0aid%0a 400 0
2026-06-07T01:02:51Z info - GET / 200 0
2026-06-07T01:02:51Z info - GET / 200 0
2026-06-07T01:02:51Z info - GET / 200 0
2026-06-07T01:02:51Z info - GET / 200 0
2026-06-07T01:02:51Z info - GET / 200 0
2026-06-07T01:02:51Z info - GET / 200 0
2026-06-07T01:24:37Z info - GET / 200 0
2026-06-07T01:24:37Z info - GET / 200 0
2026-06-07T01:24:37Z info - GET /..%2f..%2fetc%2fpasswd 400 0
2026-06-07T01:24:37Z info - GET / 200 0
2026-06-07T01:24:37Z info - GET / 200 0
2026-06-07T01:24:37Z info - GET / 200 0
2026-06-07T01:24:37Z info - FOO / 405 0
2026-06-07T01:24:37Z info - GET / 200 0
2026-06-07T01:24:38Z info - GET /etc/passwd 404 0
2026-06-07T01:24:38Z info - GET /../../../../etc/passwd 400 0
2026-06-07T01:24:38Z info - GET /proc/self/environ 404 0
2026-06-07T01:24:38Z info - GET /root/.ssh/id_rsa 404 0
2026-06-07T01:24:38Z info - GET / 200 0
2026-06-07T01:24:39Z info - GET / 200 0
2026-06-07T01:24:39Z info - GET /;bash 404 0
2026-06-07T01:24:39Z info - GET /cgi-bin/test.cgi?x=|/bin/sh 404 0
2026-06-07T01:24:39Z info - GET / 200 0
2026-06-07T01:24:39Z info - GET / 200 0
2026-06-07T01:24:40Z info - GET / 200 0
2026-06-07T01:24:40Z info - GET / 200 0
2026-06-07T01:24:40Z info - GET / 200 0
2026-06-07T01:24:41Z info - GET /static../etc/passwd 404 0
2026-06-07T01:24:41Z info - GET /static..%2fetc%2fpasswd 400 0
2026-06-07T01:24:41Z info - GET /..;/etc/passwd 400 0
2026-06-07T01:24:41Z info - GET /%2e%2e/%2e%2e/etc/passwd 400 0
2026-06-07T01:24:41Z info - GET /file%00.html/../../etc/passwd 400 0
2026-06-07T01:24:41Z info - GET /admin%2f..%2f..%2fetc%2fpasswd 400 0
2026-06-07T01:24:41Z info - GET / 200 0
2026-06-07T01:24:41Z info - GET /$(id) 404 0
2026-06-07T01:24:41Z info - GET /;id; 404 0
2026-06-07T01:24:41Z info - GET /|id| 404 0
2026-06-07T01:24:41Z info - GET /`id` 404 0
2026-06-07T01:24:41Z info - GET /%0aid%0a 400 0
2026-06-07T01:24:41Z info - GET / 200 0
2026-06-07T01:24:41Z info - GET / 200 0
2026-06-07T01:24:41Z info - GET / 200 0
2026-06-07T01:24:41Z info - GET / 200 0
2026-06-07T01:24:41Z info - GET / 200 0
2026-06-07T01:24:41Z info - GET / 200 0
2026-06-07T01:30:06Z info - GET / 200 0
2026-06-07T01:30:06Z info - GET / 200 0
2026-06-07T01:30:06Z info - GET /..%2f..%2fetc%2fpasswd 400 0
2026-06-07T01:30:06Z info - GET / 200 0
2026-06-07T01:30:06Z info - GET / 200 0
2026-06-07T01:30:06Z info - GET / 200 0
2026-06-07T01:30:06Z info - FOO / 405 0
2026-06-07T01:30:06Z info - GET / 200 0
2026-06-07T01:30:06Z info - GET /etc/passwd 404 0
2026-06-07T01:30:06Z info - GET /../../../../etc/passwd 400 0
2026-06-07T01:30:06Z info - GET /proc/self/environ 404 0
2026-06-07T01:30:06Z info - GET /root/.ssh/id_rsa 404 0
2026-06-07T01:30:06Z info - GET / 200 0
2026-06-07T01:30:08Z info - GET / 200 0
2026-06-07T01:30:08Z info - GET /;bash 404 0
2026-06-07T01:30:08Z info - GET /cgi-bin/test.cgi?x=|/bin/sh 404 0
2026-06-07T01:30:08Z info - GET / 200 0
2026-06-07T01:30:08Z info - GET / 200 0
2026-06-07T01:30:09Z info - GET / 200 0
2026-06-07T01:30:09Z info - GET / 200 0
2026-06-07T01:30:09Z info - GET / 200 0
2026-06-07T01:30:09Z info - GET /static../etc/passwd 404 0
2026-06-07T01:30:09Z info - GET /static..%2fetc%2fpasswd 400 0
2026-06-07T01:30:09Z info - GET /..;/etc/passwd 400 0
2026-06-07T01:30:09Z info - GET /%2e%2e/%2e%2e/etc/passwd 400 0
2026-06-07T01:30:09Z info - GET /file%00.html/../../etc/passwd 400 0
2026-06-07T01:30:09Z info - GET /admin%2f..%2f..%2fetc%2fpasswd 400 0
2026-06-07T01:30:09Z info - GET / 200 0
2026-06-07T01:30:10Z info - GET /$(id) 404 0
2026-06-07T01:30:10Z info - GET /;id; 404 0
2026-06-07T01:30:10Z info - GET /|id| 404 0
2026-06-07T01:30:10Z info - GET /`id` 404 0
2026-06-07T01:30:10Z info - GET /%0aid%0a 400 0
2026-06-07T01:30:10Z info - GET / 200 0
2026-06-07T01:30:10Z info - GET / 200 0
2026-06-07T01:30:10Z info - GET / 200 0
2026-06-07T01:30:10Z info - GET / 200 0
2026-06-07T01:30:10Z info - GET / 200 0
2026-06-07T01:30:10Z info - GET / 200 0
2026-06-07T02:15:59Z info - GET / 200 0
2026-06-07T02:15:59Z info - GET / 200 0
2026-06-07T02:15:59Z info - GET /..%2f..%2fetc%2fpasswd 400 0
2026-06-07T02:15:59Z info - GET / 200 0
2026-06-07T02:15:59Z info - GET / 200 0
2026-06-07T02:15:59Z info - GET / 200 0
2026-06-07T02:15:59Z info - FOO / 405 0
2026-06-07T02:15:59Z info - GET / 200 0
2026-06-07T02:15:59Z info - GET /etc/passwd 404 0
2026-06-07T02:15:59Z info - GET /../../../../etc/passwd 400 0
2026-06-07T02:15:59Z info - GET /proc/self/environ 404 0
2026-06-07T02:15:59Z info - GET /root/.ssh/id_rsa 404 0
2026-06-07T02:15:59Z info - GET / 200 0
2026-06-07T02:16:01Z info - GET / 200 0
2026-06-07T02:16:01Z info - GET /;bash 404 0
2026-06-07T02:16:01Z info - GET /cgi-bin/test.cgi?x=|/bin/sh 404 0
2026-06-07T02:16:01Z info - GET / 200 0
2026-06-07T02:16:01Z info - GET / 200 0
2026-06-07T02:16:02Z info - GET / 200 0
2026-06-07T02:16:02Z info - GET / 200 0
2026-06-07T02:16:02Z info - GET / 200 0
2026-06-07T02:16:02Z info - GET /static../etc/passwd 404 0
2026-06-07T02:16:02Z info - GET /static..%2fetc%2fpasswd 400 0
2026-06-07T02:16:02Z info - GET /..;/etc/passwd 400 0
2026-06-07T02:16:02Z info - GET /%2e%2e/%2e%2e/etc/passwd 400 0
2026-06-07T02:16:02Z info - GET /file%00.html/../../etc/passwd 400 0
2026-06-07T02:16:02Z info - GET /admin%2f..%2f..%2fetc%2fpasswd 400 0
2026-06-07T02:16:02Z info - GET / 200 0
2026-06-07T02:16:03Z info - GET /$(id) 404 0
2026-06-07T02:16:03Z info - GET /;id; 404 0
2026-06-07T02:16:03Z info - GET /|id| 404 0
2026-06-07T02:16:03Z info - GET /`id` 404 0
2026-06-07T02:16:03Z info - GET /%0aid%0a 400 0
2026-06-07T02:16:03Z info - GET / 200 0
2026-06-07T02:16:03Z info - GET / 200 0
2026-06-07T02:16:03Z info - GET / 200 0
2026-06-07T02:16:03Z info - GET / 200 0
2026-06-07T02:16:03Z info - GET / 200 0
2026-06-07T02:16:03Z info - GET / 200 0
2026-06-07T02:21:16Z info - GET / 200 0
2026-06-07T02:21:16Z info - GET / 200 0
2026-06-07T02:21:16Z info - GET /..%2f..%2fetc%2fpasswd 400 0
2026-06-07T02:21:16Z info - GET / 200 0
2026-06-07T02:21:16Z info - GET / 200 0
2026-06-07T02:21:17Z info - GET / 200 0
2026-06-07T02:21:17Z info - FOO / 405 0
2026-06-07T02:21:17Z info - GET / 200 0
2026-06-07T02:21:17Z info - GET /etc/passwd 404 0
2026-06-07T02:21:17Z info - GET /../../../../etc/passwd 400 0
2026-06-07T02:21:17Z info - GET /proc/self/environ 404 0
2026-06-07T02:21:17Z info - GET /root/.ssh/id_rsa 404 0
2026-06-07T02:21:17Z info - GET / 200 0
2026-06-07T02:21:18Z info - GET / 200 0
2026-06-07T02:21:18Z info - GET /;bash 404 0
2026-06-07T02:21:18Z info - GET /cgi-bin/test.cgi?x=|/bin/sh 404 0
2026-06-07T02:21:18Z info - GET / 200 0
2026-06-07T02:21:18Z info - GET / 200 0
2026-06-07T02:21:20Z info - GET / 200 0
2026-06-07T02:21:20Z info - GET / 200 0
2026-06-07T02:21:20Z info - GET / 200 0
2026-06-07T02:21:20Z info - GET /static../etc/passwd 404 0
2026-06-07T02:21:20Z info - GET /static..%2fetc%2fpasswd 400 0
2026-06-07T02:21:20Z info - GET /..;/etc/passwd 400 0
2026-06-07T02:21:20Z info - GET /%2e%2e/%2e%2e/etc/passwd 400 0
2026-06-07T02:21:20Z info - GET /file%00.html/../../etc/passwd 400 0
2026-06-07T02:21:20Z info - GET /admin%2f..%2f..%2fetc%2fpasswd 400 0
2026-06-07T02:21:20Z info - GET / 200 0
2026-06-07T02:21:20Z info - GET /$(id) 404 0
2026-06-07T02:21:20Z info - GET /;id; 404 0
2026-06-07T02:21:20Z info - GET /|id| 404 0
2026-06-07T02:21:20Z info - GET /`id` 404 0
2026-06-07T02:21:20Z info - GET /%0aid%0a 400 0
2026-06-07T02:21:20Z info - GET / 200 0
2026-06-07T02:21:20Z info - GET / 200 0
2026-06-07T02:21:20Z info - GET / 200 0
2026-06-07T02:21:20Z info - GET / 200 0
2026-06-07T02:21:20Z info - GET / 200 0
2026-06-07T02:21:20Z info - GET / 200 0
2026-06-07T02:56:04Z info - GET / 200 0
2026-06-07T02:56:04Z info - GET / 200 0
2026-06-07T02:56:04Z info - GET /..%2f..%2fetc%2fpasswd 400 0
2026-06-07T02:56:04Z info - GET / 200 0
2026-06-07T02:56:05Z info - GET / 200 0
2026-06-07T02:56:05Z info - GET / 200 0
2026-06-07T02:56:05Z info - FOO / 405 0
2026-06-07T02:56:05Z info - GET / 200 0
2026-06-07T02:56:05Z info - GET /etc/passwd 404 0
2026-06-07T02:56:05Z info - GET /../../../../etc/passwd 400 0
2026-06-07T02:56:05Z info - GET /proc/self/environ 404 0
2026-06-07T02:56:05Z info - GET /root/.ssh/id_rsa 404 0
2026-06-07T02:56:05Z info - GET / 200 0
2026-06-07T02:56:06Z info - GET / 200 0
2026-06-07T02:56:06Z info - GET /;bash 404 0
2026-06-07T02:56:06Z info - GET /cgi-bin/test.cgi?x=|/bin/sh 404 0
2026-06-07T02:56:06Z info - GET / 200 0
2026-06-07T02:56:06Z info - GET / 200 0
2026-06-07T02:56:08Z info - GET / 200 0
2026-06-07T02:56:08Z info - GET / 200 0
2026-06-07T02:56:08Z info - GET / 200 0
2026-06-07T02:56:08Z info - GET /static../etc/passwd 404 0
2026-06-07T02:56:08Z info - GET /static..%2fetc%2fpasswd 400 0
2026-06-07T02:56:08Z info - GET /..;/etc/passwd 400 0
2026-06-07T02:56:08Z info - GET /%2e%2e/%2e%2e/etc/passwd 400 0
2026-06-07T02:56:08Z info - GET /file%00.html/../../etc/passwd 400 0
2026-06-07T02:56:08Z info - GET /admin%2f..%2f..%2fetc%2fpasswd 400 0
2026-06-07T02:56:08Z info - GET / 200 0
2026-06-07T02:56:08Z info - GET /$(id) 404 0
2026-06-07T02:56:08Z info - GET /;id; 404 0
2026-06-07T02:56:08Z info - GET /|id| 404 0
2026-06-07T02:56:08Z info - GET /`id` 404 0
2026-06-07T02:56:08Z info - GET /%0aid%0a 400 0
2026-06-07T02:56:08Z info - GET / 200 0
2026-06-07T02:56:08Z info - GET / 200 0
2026-06-07T02:56:08Z info - GET / 200 0
2026-06-07T02:56:08Z info - GET / 200 0
2026-06-07T02:56:08Z info - GET / 200 0
2026-06-07T02:56:08Z info - GET / 200 0
2026-06-07T03:01:33Z info - GET / 200 0
2026-06-07T03:01:33Z info - GET / 200 0
2026-06-07T03:01:33Z info - GET /..%2f..%2fetc%2fpasswd 400 0
2026-06-07T03:01:33Z info - GET / 200 0
2026-06-07T03:01:33Z info - GET / 200 0
2026-06-07T03:01:33Z info - GET / 200 0
2026-06-07T03:01:34Z info - FOO / 405 0
2026-06-07T03:01:34Z info - GET / 200 0
2026-06-07T03:01:34Z info - GET /etc/passwd 404 0
2026-06-07T03:01:34Z info - GET /../../../../etc/passwd 400 0
2026-06-07T03:01:34Z info - GET /proc/self/environ 404 0
2026-06-07T03:01:34Z info - GET /root/.ssh/id_rsa 404 0
2026-06-07T03:01:34Z info - GET / 200 0
2026-06-07T03:01:35Z info - GET / 200 0
2026-06-07T03:01:35Z info - GET /;bash 404 0
2026-06-07T03:01:35Z info - GET /cgi-bin/test.cgi?x=|/bin/sh 404 0
2026-06-07T03:01:35Z info - GET / 200 0
2026-06-07T03:01:35Z info - GET / 200 0
2026-06-07T03:01:36Z info - GET / 200 0
2026-06-07T03:01:37Z info - GET / 200 0
2026-06-07T03:01:37Z info - GET / 200 0
2026-06-07T03:01:37Z info - GET /static../etc/passwd 404 0
2026-06-07T03:01:37Z info - GET /static..%2fetc%2fpasswd 400 0
2026-06-07T03:01:37Z info - GET /..;/etc/passwd 400 0
2026-06-07T03:01:37Z info - GET /%2e%2e/%2e%2e/etc/passwd 400 0
2026-06-07T03:01:37Z info - GET /file%00.html/../../etc/passwd 400 0
2026-06-07T03:01:37Z info - GET /admin%2f..%2f..%2fetc%2fpasswd 400 0
2026-06-07T03:01:37Z info - GET / 200 0
2026-06-07T03:01:37Z info - GET /$(id) 404 0
2026-06-07T03:01:37Z info - GET /;id; 404 0
2026-06-07T03:01:37Z info - GET /|id| 404 0
2026-06-07T03:01:37Z info - GET /`id` 404 0
2026-06-07T03:01:37Z info - GET /%0aid%0a 400 0
2026-06-07T03:01:37Z info - GET / 200 0
2026-06-07T03:01:37Z info - GET / 200 0
2026-06-07T03:01:37Z info - GET / 200 0
2026-06-07T03:01:37Z info - GET / 200 0
2026-06-07T03:01:37Z info - GET / 200 0
2026-06-07T03:01:37Z info - GET / 200 0
2026-06-07T04:27:40Z info - GET / 200 0
2026-06-07T04:27:40Z info - GET / 200 0
2026-06-07T04:27:40Z info - GET /..%2f..%2fetc%2fpasswd 400 0
2026-06-07T04:27:40Z info - GET / 200 0
2026-06-07T04:27:40Z info - GET / 200 0
2026-06-07T04:27:41Z info - GET / 200 0
2026-06-07T04:27:41Z info - FOO / 405 0
2026-06-07T04:27:41Z info - GET / 200 0
2026-06-07T04:27:41Z info - GET /etc/passwd 404 0
2026-06-07T04:27:41Z info - GET /../../../../etc/passwd 400 0
2026-06-07T04:27:41Z info - GET /proc/self/environ 404 0
2026-06-07T04:27:41Z info - GET /root/.ssh/id_rsa 404 0
2026-06-07T04:27:41Z info - GET / 200 0
2026-06-07T04:27:42Z info - GET / 200 0
2026-06-07T04:27:42Z info - GET /;bash 404 0
2026-06-07T04:27:42Z info - GET /cgi-bin/test.cgi?x=|/bin/sh 404 0
2026-06-07T04:27:42Z info - GET / 200 0
2026-06-07T04:27:42Z info - GET / 200 0
2026-06-07T04:27:44Z info - GET / 200 0
2026-06-07T04:27:44Z info - GET / 200 0
2026-06-07T04:27:44Z info - GET / 200 0
2026-06-07T04:27:44Z info - GET /static../etc/passwd 404 0
2026-06-07T04:27:44Z info - GET /static..%2fetc%2fpasswd 400 0
2026-06-07T04:27:44Z info - GET /..;/etc/passwd 400 0
2026-06-07T04:27:44Z info - GET /%2e%2e/%2e%2e/etc/passwd 400 0
2026-06-07T04:27:44Z info - GET /file%00.html/../../etc/passwd 400 0
2026-06-07T04:27:44Z info - GET /admin%2f..%2f..%2fetc%2fpasswd 400 0
2026-06-07T04:27:44Z info - GET / 200 0
2026-06-07T04:27:44Z info - GET /$(id) 404 0
2026-06-07T04:27:44Z info - GET /;id; 404 0
2026-06-07T04:27:44Z info - GET /|id| 404 0
2026-06-07T04:27:44Z info - GET /`id` 404 0
2026-06-07T04:27:44Z info - GET /%0aid%0a 400 0
2026-06-07T04:27:44Z info - GET / 200 0
2026-06-07T04:27:44Z info - GET / 200 0
2026-06-07T04:27:44Z info - GET / 200 0
2026-06-07T04:27:44Z info - GET / 200 0
2026-06-07T04:27:44Z info - GET / 200 0
2026-06-07T04:27:44Z info - GET / 200 0
2026-06-07T04:32:55Z info - GET / 200 0
2026-06-07T04:32:55Z info - GET / 200 0
2026-06-07T04:32:56Z info - GET /..%2f..%2fetc%2fpasswd 400 0
2026-06-07T04:32:56Z info - GET / 200 0
2026-06-07T04:32:56Z info - GET / 200 0
2026-06-07T04:32:56Z info - GET / 200 0
2026-06-07T04:32:56Z info - FOO / 405 0
2026-06-07T04:32:56Z info - GET / 200 0
2026-06-07T04:32:56Z info - GET /etc/passwd 404 0
2026-06-07T04:32:56Z info - GET /../../../../etc/passwd 400 0
2026-06-07T04:32:56Z info - GET /proc/self/environ 404 0
2026-06-07T04:32:56Z info - GET /root/.ssh/id_rsa 404 0
2026-06-07T04:32:56Z info - GET / 200 0
2026-06-07T04:32:58Z info - GET / 200 0
2026-06-07T04:32:58Z info - GET /;bash 404 0
2026-06-07T04:32:58Z info - GET /cgi-bin/test.cgi?x=|/bin/sh 404 0
2026-06-07T04:32:58Z info - GET / 200 0
2026-06-07T04:32:58Z info - GET / 200 0
2026-06-07T04:32:59Z info - GET / 200 0
2026-06-07T04:32:59Z info - GET / 200 0
2026-06-07T04:32:59Z info - GET / 200 0
2026-06-07T04:32:59Z info - GET /static../etc/passwd 404 0
2026-06-07T04:32:59Z info - GET /static..%2fetc%2fpasswd 400 0
2026-06-07T04:32:59Z info - GET /..;/etc/passwd 400 0
2026-06-07T04:32:59Z info - GET /%2e%2e/%2e%2e/etc/passwd 400 0
2026-06-07T04:32:59Z info - GET /file%00.html/../../etc/passwd 400 0
2026-06-07T04:32:59Z info - GET /admin%2f..%2f..%2fetc%2fpasswd 400 0
2026-06-07T04:32:59Z info - GET / 200 0
2026-06-07T04:32:59Z info - GET /$(id) 404 0
2026-06-07T04:32:59Z info - GET /;id; 404 0
2026-06-07T04:32:59Z info - GET /|id| 404 0
2026-06-07T04:32:59Z info - GET /`id` 404 0
2026-06-07T04:32:59Z info - GET /%0aid%0a 400 0
2026-06-07T04:32:59Z info - GET / 200 0
2026-06-07T04:33:00Z info - GET / 200 0
2026-06-07T04:33:00Z info - GET / 200 0
2026-06-07T04:33:00Z info - GET / 200 0
2026-06-07T04:33:00Z info - GET / 200 0
2026-06-07T04:33:00Z info - GET / 200 0
2026-06-07T04:47:37Z info - GET / 200 0
2026-06-07T04:47:37Z info - GET / 200 0
2026-06-07T04:47:37Z info - GET /..%2f..%2fetc%2fpasswd 400 0
2026-06-07T04:47:37Z info - GET / 200 0
2026-06-07T04:47:37Z info - GET / 200 0
2026-06-07T04:47:37Z info - GET / 200 0
2026-06-07T04:47:37Z info - FOO / 405 0
2026-06-07T04:47:37Z info - GET / 200 0
2026-06-07T04:47:38Z info - GET /etc/passwd 404 0
2026-06-07T04:47:38Z info - GET /../../../../etc/passwd 400 0
2026-06-07T04:47:38Z info - GET /proc/self/environ 404 0
2026-06-07T04:47:38Z info - GET /root/.ssh/id_rsa 404 0
2026-06-07T04:47:38Z info - GET / 200 0
2026-06-07T04:47:39Z info - GET / 200 0
2026-06-07T04:47:39Z info - GET /;bash 404 0
2026-06-07T04:47:39Z info - GET /cgi-bin/test.cgi?x=|/bin/sh 404 0
2026-06-07T04:47:39Z info - GET / 200 0
2026-06-07T04:47:39Z info - GET / 200 0
2026-06-07T04:47:40Z info - GET / 200 0
2026-06-07T04:47:40Z info - GET / 200 0
2026-06-07T04:47:40Z info - GET / 200 0
2026-06-07T04:47:41Z info - GET /static../etc/passwd 404 0
2026-06-07T04:47:41Z info - GET /static..%2fetc%2fpasswd 400 0
2026-06-07T04:47:41Z info - GET /..;/etc/passwd 400 0
2026-06-07T04:47:41Z info - GET /%2e%2e/%2e%2e/etc/passwd 400 0
2026-06-07T04:47:41Z info - GET /file%00.html/../../etc/passwd 400 0
2026-06-07T04:47:41Z info - GET /admin%2f..%2f..%2fetc%2fpasswd 400 0
2026-06-07T04:47:41Z info - GET / 200 0
2026-06-07T04:47:41Z info - GET /$(id) 404 0
2026-06-07T04:47:41Z info - GET /;id; 404 0
2026-06-07T04:47:41Z info - GET /|id| 404 0
2026-06-07T04:47:41Z info - GET /`id` 404 0
2026-06-07T04:47:41Z info - GET /%0aid%0a 400 0
2026-06-07T04:47:41Z info - GET / 200 0
2026-06-07T04:47:41Z info - GET / 200 0
2026-06-07T04:47:41Z info - GET / 200 0
2026-06-07T04:47:41Z info - GET / 200 0
2026-06-07T04:47:41Z info - GET / 200 0
2026-06-07T04:47:41Z info - GET / 200 0
2026-06-07T04:52:53Z info - GET / 200 0
2026-06-07T04:52:53Z info - GET / 200 0
2026-06-07T04:52:53Z info - GET /..%2f..%2fetc%2fpasswd 400 0
2026-06-07T04:52:53Z info - GET / 200 0
2026-06-07T04:52:54Z info - GET / 200 0
2026-06-07T04:52:54Z info - GET / 200 0
2026-06-07T04:52:54Z info - FOO / 405 0
2026-06-07T04:52:54Z info - GET / 200 0
2026-06-07T04:52:54Z info - GET /etc/passwd 404 0
2026-06-07T04:52:54Z info - GET /../../../../etc/passwd 400 0
2026-06-07T04:52:54Z info - GET /proc/self/environ 404 0
2026-06-07T04:52:54Z info - GET /root/.ssh/id_rsa 404 0
2026-06-07T04:52:54Z info - GET / 200 0
2026-06-07T04:52:55Z info - GET / 200 0
2026-06-07T04:52:55Z info - GET /;bash 404 0
2026-06-07T04:52:55Z info - GET /cgi-bin/test.cgi?x=|/bin/sh 404 0
2026-06-07T04:52:55Z info - GET / 200 0
2026-06-07T04:52:55Z info - GET / 200 0
2026-06-07T04:52:57Z info - GET / 200 0
2026-06-07T04:52:57Z info - GET / 200 0
2026-06-07T04:52:57Z info - GET / 200 0
2026-06-07T04:52:57Z info - GET /static../etc/passwd 404 0
2026-06-07T04:52:57Z info - GET /static..%2fetc%2fpasswd 400 0
2026-06-07T04:52:57Z info - GET /..;/etc/passwd 400 0
2026-06-07T04:52:57Z info - GET /%2e%2e/%2e%2e/etc/passwd 400 0
2026-06-07T04:52:57Z info - GET /file%00.html/../../etc/passwd 400 0
2026-06-07T04:52:57Z info - GET /admin%2f..%2f..%2fetc%2fpasswd 400 0
2026-06-07T04:52:57Z info - GET / 200 0
2026-06-07T04:52:57Z info - GET /$(id) 404 0
2026-06-07T04:52:57Z info - GET /;id; 404 0
2026-06-07T04:52:57Z info - GET /|id| 404 0
2026-06-07T04:52:57Z info - GET /`id` 404 0
2026-06-07T04:52:57Z info - GET /%0aid%0a 400 0
2026-06-07T04:52:57Z info - GET / 200 0
2026-06-07T04:52:57Z info - GET / 200 0
2026-06-07T04:52:57Z info - GET / 200 0
2026-06-07T04:52:57Z info - GET / 200 0
2026-06-07T04:52:57Z info - GET / 200 0
2026-06-07T04:52:57Z info - GET / 200 0
