The system is: Linux - 6.12.88+deb13-amd64 - x86_64
Compiling the C compiler identification source file "CMakeCCompilerId.c" succeeded.
Compiler: /usr/bin/clang-22 
Build flags: 
Id flags:  

The output was:
0


Compilation of the C compiler identification source "CMakeCCompilerId.c" produced "a.out"

The C compiler identification is Clang, found in "/app/data/workspaces/li-langverse/lic/code_implementer-1780876152096/repo/build-local/CMakeFiles/3.25.1/CompilerIdC/a.out"

Compiling the CXX compiler identification source file "CMakeCXXCompilerId.cpp" succeeded.
Compiler: /usr/bin/clang++-22 
Build flags: 
Id flags:  

The output was:
0


Compilation of the CXX compiler identification source "CMakeCXXCompilerId.cpp" produced "a.out"

The CXX compiler identification is Clang, found in "/app/data/workspaces/li-langverse/lic/code_implementer-1780876152096/repo/build-local/CMakeFiles/3.25.1/CompilerIdCXX/a.out"

Detecting C compiler ABI info compiled with the following output:
Change Dir: /app/data/workspaces/li-langverse/lic/code_implementer-1780876152096/repo/build-local/CMakeFiles/CMakeScratch/TryCompile-o4XQLq

Run Build Command(s):/usr/bin/ninja cmTC_3fb31 && [1/2] Building C object CMakeFiles/cmTC_3fb31.dir/CMakeCCompilerABI.c.o
Debian clang version 22.1.0 (++20260223093050+cd5897175d0d-1~exp1~20260223093246.28)
Target: x86_64-pc-linux-gnu
Thread model: posix
InstalledDir: /usr/lib/llvm-22/bin
Found candidate GCC installation: /usr/lib/gcc/x86_64-linux-gnu/12
Selected GCC installation: /usr/lib/gcc/x86_64-linux-gnu/12
Candidate multilib: .;@m64
Selected multilib: .;@m64
 (in-process)
 "/usr/lib/llvm-22/bin/clang" -cc1 -triple x86_64-pc-linux-gnu -emit-obj -disable-free -clear-ast-before-backend -disable-llvm-verifier -discard-value-names -main-file-name CMakeCCompilerABI.c -mrelocation-model pic -pic-level 2 -pic-is-pie -mframe-pointer=all -fmath-errno -ffp-contract=on -fno-rounding-math -mconstructor-aliases -funwind-tables=2 -target-cpu x86-64 -tune-cpu generic -debugger-tuning=gdb -fdebug-compilation-dir=/app/data/workspaces/li-langverse/lic/code_implementer-1780876152096/repo/build-local/CMakeFiles/CMakeScratch/TryCompile-o4XQLq -v -fcoverage-compilation-dir=/app/data/workspaces/li-langverse/lic/code_implementer-1780876152096/repo/build-local/CMakeFiles/CMakeScratch/TryCompile-o4XQLq -resource-dir /usr/lib/llvm-22/lib/clang/22 -dependency-file CMakeFiles/cmTC_3fb31.dir/CMakeCCompilerABI.c.o.d -MT CMakeFiles/cmTC_3fb31.dir/CMakeCCompilerABI.c.o -sys-header-deps -internal-isystem /usr/lib/llvm-22/lib/clang/22/include -internal-isystem /usr/local/include -internal-isystem /usr/lib/gcc/x86_64-linux-gnu/12/../../../../x86_64-linux-gnu/include -internal-externc-isystem /usr/include/x86_64-linux-gnu -internal-externc-isystem /include -internal-externc-isystem /usr/include -ferror-limit 19 -fgnuc-version=4.2.1 -fskip-odr-check-in-gmf -faddrsig -fdwarf2-cfi-asm -o CMakeFiles/cmTC_3fb31.dir/CMakeCCompilerABI.c.o -x c /usr/share/cmake-3.25/Modules/CMakeCCompilerABI.c
clang -cc1 version 22.1.0 based upon LLVM 22.1.0 default target x86_64-pc-linux-gnu
ignoring nonexistent directory "/usr/lib/gcc/x86_64-linux-gnu/12/../../../../x86_64-linux-gnu/include"
ignoring nonexistent directory "/include"
#include "..." search starts here:
#include <...> search starts here:
 /usr/lib/llvm-22/lib/clang/22/include
 /usr/local/include
 /usr/include/x86_64-linux-gnu
 /usr/include
End of search list.
[2/2] Linking C executable cmTC_3fb31
Debian clang version 22.1.0 (++20260223093050+cd5897175d0d-1~exp1~20260223093246.28)
Target: x86_64-pc-linux-gnu
Thread model: posix
InstalledDir: /usr/lib/llvm-22/bin
Found candidate GCC installation: /usr/lib/gcc/x86_64-linux-gnu/12
Selected GCC installation: /usr/lib/gcc/x86_64-linux-gnu/12
Candidate multilib: .;@m64
Selected multilib: .;@m64
 "/usr/bin/ld" --hash-style=gnu --build-id --eh-frame-hdr -m elf_x86_64 -pie -dynamic-linker /lib64/ld-linux-x86-64.so.2 -o cmTC_3fb31 /lib/x86_64-linux-gnu/Scrt1.o /lib/x86_64-linux-gnu/crti.o /usr/lib/gcc/x86_64-linux-gnu/12/crtbeginS.o -L/usr/lib/gcc/x86_64-linux-gnu/12 -L/usr/lib/gcc/x86_64-linux-gnu/12/../../../../lib64 -L/lib/x86_64-linux-gnu -L/lib/../lib64 -L/usr/lib/x86_64-linux-gnu -L/usr/lib64 -L/lib -L/usr/lib CMakeFiles/cmTC_3fb31.dir/CMakeCCompilerABI.c.o -lgcc --as-needed -lgcc_s --no-as-needed -lc -lgcc --as-needed -lgcc_s --no-as-needed /usr/lib/gcc/x86_64-linux-gnu/12/crtendS.o /lib/x86_64-linux-gnu/crtn.o



Parsed C implicit include dir info from above output: rv=done
  found start of include info
  found start of implicit include info
    add: [/usr/lib/llvm-22/lib/clang/22/include]
    add: [/usr/local/include]
    add: [/usr/include/x86_64-linux-gnu]
    add: [/usr/include]
  end of search list found
  collapse include dir [/usr/lib/llvm-22/lib/clang/22/include] ==> [/usr/lib/llvm-22/lib/clang/22/include]
  collapse include dir [/usr/local/include] ==> [/usr/local/include]
  collapse include dir [/usr/include/x86_64-linux-gnu] ==> [/usr/include/x86_64-linux-gnu]
  collapse include dir [/usr/include] ==> [/usr/include]
  implicit include dirs: [/usr/lib/llvm-22/lib/clang/22/include;/usr/local/include;/usr/include/x86_64-linux-gnu;/usr/include]


Parsed C implicit link information from above output:
  link line regex: [^( *|.*[/\])(ld\.lld-22|CMAKE_LINK_STARTFILE-NOTFOUND|([^/\]+-)?ld|collect2)[^/\]*( |$)]
  ignore line: [Change Dir: /app/data/workspaces/li-langverse/lic/code_implementer-1780876152096/repo/build-local/CMakeFiles/CMakeScratch/TryCompile-o4XQLq]
  ignore line: []
  ignore line: [Run Build Command(s):/usr/bin/ninja cmTC_3fb31 && [1/2] Building C object CMakeFiles/cmTC_3fb31.dir/CMakeCCompilerABI.c.o]
  ignore line: [Debian clang version 22.1.0 (++20260223093050+cd5897175d0d-1~exp1~20260223093246.28)]
  ignore line: [Target: x86_64-pc-linux-gnu]
  ignore line: [Thread model: posix]
  ignore line: [InstalledDir: /usr/lib/llvm-22/bin]
  ignore line: [Found candidate GCC installation: /usr/lib/gcc/x86_64-linux-gnu/12]
  ignore line: [Selected GCC installation: /usr/lib/gcc/x86_64-linux-gnu/12]
  ignore line: [Candidate multilib: .]
  ignore line: [@m64]
  ignore line: [Selected multilib: .]
  ignore line: [@m64]
  ignore line: [ (in-process)]
  ignore line: [ "/usr/lib/llvm-22/bin/clang" -cc1 -triple x86_64-pc-linux-gnu -emit-obj -disable-free -clear-ast-before-backend -disable-llvm-verifier -discard-value-names -main-file-name CMakeCCompilerABI.c -mrelocation-model pic -pic-level 2 -pic-is-pie -mframe-pointer=all -fmath-errno -ffp-contract=on -fno-rounding-math -mconstructor-aliases -funwind-tables=2 -target-cpu x86-64 -tune-cpu generic -debugger-tuning=gdb -fdebug-compilation-dir=/app/data/workspaces/li-langverse/lic/code_implementer-1780876152096/repo/build-local/CMakeFiles/CMakeScratch/TryCompile-o4XQLq -v -fcoverage-compilation-dir=/app/data/workspaces/li-langverse/lic/code_implementer-1780876152096/repo/build-local/CMakeFiles/CMakeScratch/TryCompile-o4XQLq -resource-dir /usr/lib/llvm-22/lib/clang/22 -dependency-file CMakeFiles/cmTC_3fb31.dir/CMakeCCompilerABI.c.o.d -MT CMakeFiles/cmTC_3fb31.dir/CMakeCCompilerABI.c.o -sys-header-deps -internal-isystem /usr/lib/llvm-22/lib/clang/22/include -internal-isystem /usr/local/include -internal-isystem /usr/lib/gcc/x86_64-linux-gnu/12/../../../../x86_64-linux-gnu/include -internal-externc-isystem /usr/include/x86_64-linux-gnu -internal-externc-isystem /include -internal-externc-isystem /usr/include -ferror-limit 19 -fgnuc-version=4.2.1 -fskip-odr-check-in-gmf -faddrsig -fdwarf2-cfi-asm -o CMakeFiles/cmTC_3fb31.dir/CMakeCCompilerABI.c.o -x c /usr/share/cmake-3.25/Modules/CMakeCCompilerABI.c]
  ignore line: [clang -cc1 version 22.1.0 based upon LLVM 22.1.0 default target x86_64-pc-linux-gnu]
  ignore line: [ignoring nonexistent directory "/usr/lib/gcc/x86_64-linux-gnu/12/../../../../x86_64-linux-gnu/include"]
  ignore line: [ignoring nonexistent directory "/include"]
  ignore line: [#include "..." search starts here:]
  ignore line: [#include <...> search starts here:]
  ignore line: [ /usr/lib/llvm-22/lib/clang/22/include]
  ignore line: [ /usr/local/include]
  ignore line: [ /usr/include/x86_64-linux-gnu]
  ignore line: [ /usr/include]
  ignore line: [End of search list.]
  ignore line: [[2/2] Linking C executable cmTC_3fb31]
  ignore line: [Debian clang version 22.1.0 (++20260223093050+cd5897175d0d-1~exp1~20260223093246.28)]
  ignore line: [Target: x86_64-pc-linux-gnu]
  ignore line: [Thread model: posix]
  ignore line: [InstalledDir: /usr/lib/llvm-22/bin]
  ignore line: [Found candidate GCC installation: /usr/lib/gcc/x86_64-linux-gnu/12]
  ignore line: [Selected GCC installation: /usr/lib/gcc/x86_64-linux-gnu/12]
  ignore line: [Candidate multilib: .]
  ignore line: [@m64]
  ignore line: [Selected multilib: .]
  ignore line: [@m64]
  link line: [ "/usr/bin/ld" --hash-style=gnu --build-id --eh-frame-hdr -m elf_x86_64 -pie -dynamic-linker /lib64/ld-linux-x86-64.so.2 -o cmTC_3fb31 /lib/x86_64-linux-gnu/Scrt1.o /lib/x86_64-linux-gnu/crti.o /usr/lib/gcc/x86_64-linux-gnu/12/crtbeginS.o -L/usr/lib/gcc/x86_64-linux-gnu/12 -L/usr/lib/gcc/x86_64-linux-gnu/12/../../../../lib64 -L/lib/x86_64-linux-gnu -L/lib/../lib64 -L/usr/lib/x86_64-linux-gnu -L/usr/lib64 -L/lib -L/usr/lib CMakeFiles/cmTC_3fb31.dir/CMakeCCompilerABI.c.o -lgcc --as-needed -lgcc_s --no-as-needed -lc -lgcc --as-needed -lgcc_s --no-as-needed /usr/lib/gcc/x86_64-linux-gnu/12/crtendS.o /lib/x86_64-linux-gnu/crtn.o]
    arg [/usr/bin/ld] ==> ignore
    arg [--hash-style=gnu] ==> ignore
    arg [--build-id] ==> ignore
    arg [--eh-frame-hdr] ==> ignore
    arg [-m] ==> ignore
    arg [elf_x86_64] ==> ignore
    arg [-pie] ==> ignore
    arg [-dynamic-linker] ==> ignore
    arg [/lib64/ld-linux-x86-64.so.2] ==> ignore
    arg [-o] ==> ignore
    arg [cmTC_3fb31] ==> ignore
    arg [/lib/x86_64-linux-gnu/Scrt1.o] ==> obj [/lib/x86_64-linux-gnu/Scrt1.o]
    arg [/lib/x86_64-linux-gnu/crti.o] ==> obj [/lib/x86_64-linux-gnu/crti.o]
    arg [/usr/lib/gcc/x86_64-linux-gnu/12/crtbeginS.o] ==> obj [/usr/lib/gcc/x86_64-linux-gnu/12/crtbeginS.o]
    arg [-L/usr/lib/gcc/x86_64-linux-gnu/12] ==> dir [/usr/lib/gcc/x86_64-linux-gnu/12]
    arg [-L/usr/lib/gcc/x86_64-linux-gnu/12/../../../../lib64] ==> dir [/usr/lib/gcc/x86_64-linux-gnu/12/../../../../lib64]
    arg [-L/lib/x86_64-linux-gnu] ==> dir [/lib/x86_64-linux-gnu]
    arg [-L/lib/../lib64] ==> dir [/lib/../lib64]
    arg [-L/usr/lib/x86_64-linux-gnu] ==> dir [/usr/lib/x86_64-linux-gnu]
    arg [-L/usr/lib64] ==> dir [/usr/lib64]
    arg [-L/lib] ==> dir [/lib]
    arg [-L/usr/lib] ==> dir [/usr/lib]
    arg [CMakeFiles/cmTC_3fb31.dir/CMakeCCompilerABI.c.o] ==> ignore
    arg [-lgcc] ==> lib [gcc]
    arg [--as-needed] ==> ignore
    arg [-lgcc_s] ==> lib [gcc_s]
    arg [--no-as-needed] ==> ignore
    arg [-lc] ==> lib [c]
    arg [-lgcc] ==> lib [gcc]
    arg [--as-needed] ==> ignore
    arg [-lgcc_s] ==> lib [gcc_s]
    arg [--no-as-needed] ==> ignore
    arg [/usr/lib/gcc/x86_64-linux-gnu/12/crtendS.o] ==> obj [/usr/lib/gcc/x86_64-linux-gnu/12/crtendS.o]
    arg [/lib/x86_64-linux-gnu/crtn.o] ==> obj [/lib/x86_64-linux-gnu/crtn.o]
  collapse library dir [/usr/lib/gcc/x86_64-linux-gnu/12] ==> [/usr/lib/gcc/x86_64-linux-gnu/12]
  collapse library dir [/usr/lib/gcc/x86_64-linux-gnu/12/../../../../lib64] ==> [/usr/lib64]
  collapse library dir [/lib/x86_64-linux-gnu] ==> [/lib/x86_64-linux-gnu]
  collapse library dir [/lib/../lib64] ==> [/lib64]
  collapse library dir [/usr/lib/x86_64-linux-gnu] ==> [/usr/lib/x86_64-linux-gnu]
  collapse library dir [/usr/lib64] ==> [/usr/lib64]
  collapse library dir [/lib] ==> [/lib]
  collapse library dir [/usr/lib] ==> [/usr/lib]
  implicit libs: [gcc;gcc_s;c;gcc;gcc_s]
  implicit objs: [/lib/x86_64-linux-gnu/Scrt1.o;/lib/x86_64-linux-gnu/crti.o;/usr/lib/gcc/x86_64-linux-gnu/12/crtbeginS.o;/usr/lib/gcc/x86_64-linux-gnu/12/crtendS.o;/lib/x86_64-linux-gnu/crtn.o]
  implicit dirs: [/usr/lib/gcc/x86_64-linux-gnu/12;/usr/lib64;/lib/x86_64-linux-gnu;/lib64;/usr/lib/x86_64-linux-gnu;/lib;/usr/lib]
  implicit fwks: []


Detecting CXX compiler ABI info compiled with the following output:
Change Dir: /app/data/workspaces/li-langverse/lic/code_implementer-1780876152096/repo/build-local/CMakeFiles/CMakeScratch/TryCompile-pxoJcN

Run Build Command(s):/usr/bin/ninja cmTC_3e8f7 && [1/2] Building CXX object CMakeFiles/cmTC_3e8f7.dir/CMakeCXXCompilerABI.cpp.o
Debian clang version 22.1.0 (++20260223093050+cd5897175d0d-1~exp1~20260223093246.28)
Target: x86_64-pc-linux-gnu
Thread model: posix
InstalledDir: /usr/lib/llvm-22/bin
Found candidate GCC installation: /usr/lib/gcc/x86_64-linux-gnu/12
Selected GCC installation: /usr/lib/gcc/x86_64-linux-gnu/12
Candidate multilib: .;@m64
Selected multilib: .;@m64
 (in-process)
 "/usr/lib/llvm-22/bin/clang" -cc1 -triple x86_64-pc-linux-gnu -emit-obj -disable-free -clear-ast-before-backend -disable-llvm-verifier -discard-value-names -main-file-name CMakeCXXCompilerABI.cpp -mrelocation-model pic -pic-level 2 -pic-is-pie -mframe-pointer=all -fmath-errno -ffp-contract=on -fno-rounding-math -mconstructor-aliases -funwind-tables=2 -target-cpu x86-64 -tune-cpu generic -debugger-tuning=gdb -fdebug-compilation-dir=/app/data/workspaces/li-langverse/lic/code_implementer-1780876152096/repo/build-local/CMakeFiles/CMakeScratch/TryCompile-pxoJcN -v -fcoverage-compilation-dir=/app/data/workspaces/li-langverse/lic/code_implementer-1780876152096/repo/build-local/CMakeFiles/CMakeScratch/TryCompile-pxoJcN -resource-dir /usr/lib/llvm-22/lib/clang/22 -dependency-file CMakeFiles/cmTC_3e8f7.dir/CMakeCXXCompilerABI.cpp.o.d -MT CMakeFiles/cmTC_3e8f7.dir/CMakeCXXCompilerABI.cpp.o -sys-header-deps -internal-isystem /usr/lib/gcc/x86_64-linux-gnu/12/../../../../include/c++/12 -internal-isystem /usr/lib/gcc/x86_64-linux-gnu/12/../../../../include/x86_64-linux-gnu/c++/12 -internal-isystem /usr/lib/gcc/x86_64-linux-gnu/12/../../../../include/c++/12/backward -internal-isystem /usr/lib/llvm-22/lib/clang/22/include -internal-isystem /usr/local/include -internal-isystem /usr/lib/gcc/x86_64-linux-gnu/12/../../../../x86_64-linux-gnu/include -internal-externc-isystem /usr/include/x86_64-linux-gnu -internal-externc-isystem /include -internal-externc-isystem /usr/include -fdeprecated-macro -ferror-limit 19 -fgnuc-version=4.2.1 -fskip-odr-check-in-gmf -fcxx-exceptions -fexceptions -faddrsig -fdwarf2-cfi-asm -o CMakeFiles/cmTC_3e8f7.dir/CMakeCXXCompilerABI.cpp.o -x c++ /usr/share/cmake-3.25/Modules/CMakeCXXCompilerABI.cpp
clang -cc1 version 22.1.0 based upon LLVM 22.1.0 default target x86_64-pc-linux-gnu
ignoring nonexistent directory "/usr/lib/gcc/x86_64-linux-gnu/12/../../../../x86_64-linux-gnu/include"
ignoring nonexistent directory "/include"
#include "..." search starts here:
#include <...> search starts here:
 /usr/lib/gcc/x86_64-linux-gnu/12/../../../../include/c++/12
 /usr/lib/gcc/x86_64-linux-gnu/12/../../../../include/x86_64-linux-gnu/c++/12
 /usr/lib/gcc/x86_64-linux-gnu/12/../../../../include/c++/12/backward
 /usr/lib/llvm-22/lib/clang/22/include
 /usr/local/include
 /usr/include/x86_64-linux-gnu
 /usr/include
End of search list.
[2/2] Linking CXX executable cmTC_3e8f7
Debian clang version 22.1.0 (++20260223093050+cd5897175d0d-1~exp1~20260223093246.28)
Target: x86_64-pc-linux-gnu
Thread model: posix
InstalledDir: /usr/lib/llvm-22/bin
Found candidate GCC installation: /usr/lib/gcc/x86_64-linux-gnu/12
Selected GCC installation: /usr/lib/gcc/x86_64-linux-gnu/12
Candidate multilib: .;@m64
Selected multilib: .;@m64
 "/usr/bin/ld" --hash-style=gnu --build-id --eh-frame-hdr -m elf_x86_64 -pie -dynamic-linker /lib64/ld-linux-x86-64.so.2 -o cmTC_3e8f7 /lib/x86_64-linux-gnu/Scrt1.o /lib/x86_64-linux-gnu/crti.o /usr/lib/gcc/x86_64-linux-gnu/12/crtbeginS.o -L/usr/lib/gcc/x86_64-linux-gnu/12 -L/usr/lib/gcc/x86_64-linux-gnu/12/../../../../lib64 -L/lib/x86_64-linux-gnu -L/lib/../lib64 -L/usr/lib/x86_64-linux-gnu -L/usr/lib64 -L/lib -L/usr/lib CMakeFiles/cmTC_3e8f7.dir/CMakeCXXCompilerABI.cpp.o -lstdc++ -lm -lgcc_s -lgcc -lc -lgcc_s -lgcc /usr/lib/gcc/x86_64-linux-gnu/12/crtendS.o /lib/x86_64-linux-gnu/crtn.o



Parsed CXX implicit include dir info from above output: rv=done
  found start of include info
  found start of implicit include info
    add: [/usr/lib/gcc/x86_64-linux-gnu/12/../../../../include/c++/12]
    add: [/usr/lib/gcc/x86_64-linux-gnu/12/../../../../include/x86_64-linux-gnu/c++/12]
    add: [/usr/lib/gcc/x86_64-linux-gnu/12/../../../../include/c++/12/backward]
    add: [/usr/lib/llvm-22/lib/clang/22/include]
    add: [/usr/local/include]
    add: [/usr/include/x86_64-linux-gnu]
    add: [/usr/include]
  end of search list found
  collapse include dir [/usr/lib/gcc/x86_64-linux-gnu/12/../../../../include/c++/12] ==> [/usr/include/c++/12]
  collapse include dir [/usr/lib/gcc/x86_64-linux-gnu/12/../../../../include/x86_64-linux-gnu/c++/12] ==> [/usr/include/x86_64-linux-gnu/c++/12]
  collapse include dir [/usr/lib/gcc/x86_64-linux-gnu/12/../../../../include/c++/12/backward] ==> [/usr/include/c++/12/backward]
  collapse include dir [/usr/lib/llvm-22/lib/clang/22/include] ==> [/usr/lib/llvm-22/lib/clang/22/include]
  collapse include dir [/usr/local/include] ==> [/usr/local/include]
  collapse include dir [/usr/include/x86_64-linux-gnu] ==> [/usr/include/x86_64-linux-gnu]
  collapse include dir [/usr/include] ==> [/usr/include]
  implicit include dirs: [/usr/include/c++/12;/usr/include/x86_64-linux-gnu/c++/12;/usr/include/c++/12/backward;/usr/lib/llvm-22/lib/clang/22/include;/usr/local/include;/usr/include/x86_64-linux-gnu;/usr/include]


Parsed CXX implicit link information from above output:
  link line regex: [^( *|.*[/\])(ld\.lld-22|CMAKE_LINK_STARTFILE-NOTFOUND|([^/\]+-)?ld|collect2)[^/\]*( |$)]
  ignore line: [Change Dir: /app/data/workspaces/li-langverse/lic/code_implementer-1780876152096/repo/build-local/CMakeFiles/CMakeScratch/TryCompile-pxoJcN]
  ignore line: []
  ignore line: [Run Build Command(s):/usr/bin/ninja cmTC_3e8f7 && [1/2] Building CXX object CMakeFiles/cmTC_3e8f7.dir/CMakeCXXCompilerABI.cpp.o]
  ignore line: [Debian clang version 22.1.0 (++20260223093050+cd5897175d0d-1~exp1~20260223093246.28)]
  ignore line: [Target: x86_64-pc-linux-gnu]
  ignore line: [Thread model: posix]
  ignore line: [InstalledDir: /usr/lib/llvm-22/bin]
  ignore line: [Found candidate GCC installation: /usr/lib/gcc/x86_64-linux-gnu/12]
  ignore line: [Selected GCC installation: /usr/lib/gcc/x86_64-linux-gnu/12]
  ignore line: [Candidate multilib: .]
  ignore line: [@m64]
  ignore line: [Selected multilib: .]
  ignore line: [@m64]
  ignore line: [ (in-process)]
  ignore line: [ "/usr/lib/llvm-22/bin/clang" -cc1 -triple x86_64-pc-linux-gnu -emit-obj -disable-free -clear-ast-before-backend -disable-llvm-verifier -discard-value-names -main-file-name CMakeCXXCompilerABI.cpp -mrelocation-model pic -pic-level 2 -pic-is-pie -mframe-pointer=all -fmath-errno -ffp-contract=on -fno-rounding-math -mconstructor-aliases -funwind-tables=2 -target-cpu x86-64 -tune-cpu generic -debugger-tuning=gdb -fdebug-compilation-dir=/app/data/workspaces/li-langverse/lic/code_implementer-1780876152096/repo/build-local/CMakeFiles/CMakeScratch/TryCompile-pxoJcN -v -fcoverage-compilation-dir=/app/data/workspaces/li-langverse/lic/code_implementer-1780876152096/repo/build-local/CMakeFiles/CMakeScratch/TryCompile-pxoJcN -resource-dir /usr/lib/llvm-22/lib/clang/22 -dependency-file CMakeFiles/cmTC_3e8f7.dir/CMakeCXXCompilerABI.cpp.o.d -MT CMakeFiles/cmTC_3e8f7.dir/CMakeCXXCompilerABI.cpp.o -sys-header-deps -internal-isystem /usr/lib/gcc/x86_64-linux-gnu/12/../../../../include/c++/12 -internal-isystem /usr/lib/gcc/x86_64-linux-gnu/12/../../../../include/x86_64-linux-gnu/c++/12 -internal-isystem /usr/lib/gcc/x86_64-linux-gnu/12/../../../../include/c++/12/backward -internal-isystem /usr/lib/llvm-22/lib/clang/22/include -internal-isystem /usr/local/include -internal-isystem /usr/lib/gcc/x86_64-linux-gnu/12/../../../../x86_64-linux-gnu/include -internal-externc-isystem /usr/include/x86_64-linux-gnu -internal-externc-isystem /include -internal-externc-isystem /usr/include -fdeprecated-macro -ferror-limit 19 -fgnuc-version=4.2.1 -fskip-odr-check-in-gmf -fcxx-exceptions -fexceptions -faddrsig -fdwarf2-cfi-asm -o CMakeFiles/cmTC_3e8f7.dir/CMakeCXXCompilerABI.cpp.o -x c++ /usr/share/cmake-3.25/Modules/CMakeCXXCompilerABI.cpp]
  ignore line: [clang -cc1 version 22.1.0 based upon LLVM 22.1.0 default target x86_64-pc-linux-gnu]
  ignore line: [ignoring nonexistent directory "/usr/lib/gcc/x86_64-linux-gnu/12/../../../../x86_64-linux-gnu/include"]
  ignore line: [ignoring nonexistent directory "/include"]
  ignore line: [#include "..." search starts here:]
  ignore line: [#include <...> search starts here:]
  ignore line: [ /usr/lib/gcc/x86_64-linux-gnu/12/../../../../include/c++/12]
  ignore line: [ /usr/lib/gcc/x86_64-linux-gnu/12/../../../../include/x86_64-linux-gnu/c++/12]
  ignore line: [ /usr/lib/gcc/x86_64-linux-gnu/12/../../../../include/c++/12/backward]
  ignore line: [ /usr/lib/llvm-22/lib/clang/22/include]
  ignore line: [ /usr/local/include]
  ignore line: [ /usr/include/x86_64-linux-gnu]
  ignore line: [ /usr/include]
  ignore line: [End of search list.]
  ignore line: [[2/2] Linking CXX executable cmTC_3e8f7]
  ignore line: [Debian clang version 22.1.0 (++20260223093050+cd5897175d0d-1~exp1~20260223093246.28)]
  ignore line: [Target: x86_64-pc-linux-gnu]
  ignore line: [Thread model: posix]
  ignore line: [InstalledDir: /usr/lib/llvm-22/bin]
  ignore line: [Found candidate GCC installation: /usr/lib/gcc/x86_64-linux-gnu/12]
  ignore line: [Selected GCC installation: /usr/lib/gcc/x86_64-linux-gnu/12]
  ignore line: [Candidate multilib: .]
  ignore line: [@m64]
  ignore line: [Selected multilib: .]
  ignore line: [@m64]
  link line: [ "/usr/bin/ld" --hash-style=gnu --build-id --eh-frame-hdr -m elf_x86_64 -pie -dynamic-linker /lib64/ld-linux-x86-64.so.2 -o cmTC_3e8f7 /lib/x86_64-linux-gnu/Scrt1.o /lib/x86_64-linux-gnu/crti.o /usr/lib/gcc/x86_64-linux-gnu/12/crtbeginS.o -L/usr/lib/gcc/x86_64-linux-gnu/12 -L/usr/lib/gcc/x86_64-linux-gnu/12/../../../../lib64 -L/lib/x86_64-linux-gnu -L/lib/../lib64 -L/usr/lib/x86_64-linux-gnu -L/usr/lib64 -L/lib -L/usr/lib CMakeFiles/cmTC_3e8f7.dir/CMakeCXXCompilerABI.cpp.o -lstdc++ -lm -lgcc_s -lgcc -lc -lgcc_s -lgcc /usr/lib/gcc/x86_64-linux-gnu/12/crtendS.o /lib/x86_64-linux-gnu/crtn.o]
    arg [/usr/bin/ld] ==> ignore
    arg [--hash-style=gnu] ==> ignore
    arg [--build-id] ==> ignore
    arg [--eh-frame-hdr] ==> ignore
    arg [-m] ==> ignore
    arg [elf_x86_64] ==> ignore
    arg [-pie] ==> ignore
    arg [-dynamic-linker] ==> ignore
    arg [/lib64/ld-linux-x86-64.so.2] ==> ignore
    arg [-o] ==> ignore
    arg [cmTC_3e8f7] ==> ignore
    arg [/lib/x86_64-linux-gnu/Scrt1.o] ==> obj [/lib/x86_64-linux-gnu/Scrt1.o]
    arg [/lib/x86_64-linux-gnu/crti.o] ==> obj [/lib/x86_64-linux-gnu/crti.o]
    arg [/usr/lib/gcc/x86_64-linux-gnu/12/crtbeginS.o] ==> obj [/usr/lib/gcc/x86_64-linux-gnu/12/crtbeginS.o]
    arg [-L/usr/lib/gcc/x86_64-linux-gnu/12] ==> dir [/usr/lib/gcc/x86_64-linux-gnu/12]
    arg [-L/usr/lib/gcc/x86_64-linux-gnu/12/../../../../lib64] ==> dir [/usr/lib/gcc/x86_64-linux-gnu/12/../../../../lib64]
    arg [-L/lib/x86_64-linux-gnu] ==> dir [/lib/x86_64-linux-gnu]
    arg [-L/lib/../lib64] ==> dir [/lib/../lib64]
    arg [-L/usr/lib/x86_64-linux-gnu] ==> dir [/usr/lib/x86_64-linux-gnu]
    arg [-L/usr/lib64] ==> dir [/usr/lib64]
    arg [-L/lib] ==> dir [/lib]
    arg [-L/usr/lib] ==> dir [/usr/lib]
    arg [CMakeFiles/cmTC_3e8f7.dir/CMakeCXXCompilerABI.cpp.o] ==> ignore
    arg [-lstdc++] ==> lib [stdc++]
    arg [-lm] ==> lib [m]
    arg [-lgcc_s] ==> lib [gcc_s]
    arg [-lgcc] ==> lib [gcc]
    arg [-lc] ==> lib [c]
    arg [-lgcc_s] ==> lib [gcc_s]
    arg [-lgcc] ==> lib [gcc]
    arg [/usr/lib/gcc/x86_64-linux-gnu/12/crtendS.o] ==> obj [/usr/lib/gcc/x86_64-linux-gnu/12/crtendS.o]
    arg [/lib/x86_64-linux-gnu/crtn.o] ==> obj [/lib/x86_64-linux-gnu/crtn.o]
  collapse library dir [/usr/lib/gcc/x86_64-linux-gnu/12] ==> [/usr/lib/gcc/x86_64-linux-gnu/12]
  collapse library dir [/usr/lib/gcc/x86_64-linux-gnu/12/../../../../lib64] ==> [/usr/lib64]
  collapse library dir [/lib/x86_64-linux-gnu] ==> [/lib/x86_64-linux-gnu]
  collapse library dir [/lib/../lib64] ==> [/lib64]
  collapse library dir [/usr/lib/x86_64-linux-gnu] ==> [/usr/lib/x86_64-linux-gnu]
  collapse library dir [/usr/lib64] ==> [/usr/lib64]
  collapse library dir [/lib] ==> [/lib]
  collapse library dir [/usr/lib] ==> [/usr/lib]
  implicit libs: [stdc++;m;gcc_s;gcc;c;gcc_s;gcc]
  implicit objs: [/lib/x86_64-linux-gnu/Scrt1.o;/lib/x86_64-linux-gnu/crti.o;/usr/lib/gcc/x86_64-linux-gnu/12/crtbeginS.o;/usr/lib/gcc/x86_64-linux-gnu/12/crtendS.o;/lib/x86_64-linux-gnu/crtn.o]
  implicit dirs: [/usr/lib/gcc/x86_64-linux-gnu/12;/usr/lib64;/lib/x86_64-linux-gnu;/lib64;/usr/lib/x86_64-linux-gnu;/lib;/usr/lib]
  implicit fwks: []


Performing C SOURCE FILE Test HAVE_FFI_CALL succeeded with the following output:
Change Dir: /app/data/workspaces/li-langverse/lic/code_implementer-1780876152096/repo/build-local/CMakeFiles/CMakeScratch/TryCompile-ytmTEP

Run Build Command(s):/usr/bin/ninja cmTC_7b205 && [1/2] Building C object CMakeFiles/cmTC_7b205.dir/src.c.o
[2/2] Linking C executable cmTC_7b205


Source file was:
    #ifdef __cplusplus
    extern "C" {
    #endif
    struct ffi_cif;
    typedef struct ffi_cif ffi_cif;
    void ffi_call(ffi_cif *cif, void (*fn)(void), void *rvalue, void **avalue);
    #ifdef __cplusplus
    }
    #endif
    int main(void) { ffi_call(0, 0, 0, 0); }
    

Determining if the include file histedit.h exists passed with the following output:
Change Dir: /app/data/workspaces/li-langverse/lic/code_implementer-1780876152096/repo/build-local/CMakeFiles/CMakeScratch/TryCompile-JWLYZp

Run Build Command(s):/usr/bin/ninja cmTC_ea051 && [1/2] Building C object CMakeFiles/cmTC_ea051.dir/CheckIncludeFile.c.o
[2/2] Linking C executable cmTC_ea051



Performing C++ SOURCE FILE Test LLVM_LIBSTDCXX_MIN succeeded with the following output:
Change Dir: /app/data/workspaces/li-langverse/lic/code_implementer-1780876152096/repo/build-local/CMakeFiles/CMakeScratch/TryCompile-2Fvf8h

Run Build Command(s):/usr/bin/ninja cmTC_12727 && [1/2] Building CXX object CMakeFiles/cmTC_12727.dir/src.cxx.o
[2/2] Linking CXX executable cmTC_12727


Source file was:

#include <iosfwd>
#if defined(__GLIBCXX__)
#if !defined(_GLIBCXX_RELEASE) || _GLIBCXX_RELEASE < 7
#error Unsupported libstdc++ version
#endif
#endif
int main() { return 0; }


Performing C++ SOURCE FILE Test LLVM_LIBSTDCXX_SOFT_ERROR succeeded with the following output:
Change Dir: /app/data/workspaces/li-langverse/lic/code_implementer-1780876152096/repo/build-local/CMakeFiles/CMakeScratch/TryCompile-IWrlZD

Run Build Command(s):/usr/bin/ninja cmTC_f9174 && [1/2] Building CXX object CMakeFiles/cmTC_f9174.dir/src.cxx.o
[2/2] Linking CXX executable cmTC_f9174


Source file was:

#include <iosfwd>
#if defined(__GLIBCXX__)
#if !defined(_GLIBCXX_RELEASE) || _GLIBCXX_RELEASE < 7
#error Unsupported libstdc++ version
#endif
#endif
int main() { return 0; }


Performing C++ SOURCE FILE Test LLVM_USES_LIBSTDCXX succeeded with the following output:
Change Dir: /app/data/workspaces/li-langverse/lic/code_implementer-1780876152096/repo/build-local/CMakeFiles/CMakeScratch/TryCompile-iSnNR2

Run Build Command(s):/usr/bin/ninja cmTC_1804a && [1/2] Building CXX object CMakeFiles/cmTC_1804a.dir/src.cxx.o
[2/2] Linking CXX executable cmTC_1804a


Source file was:

#include <iosfwd>
#if !defined(__GLIBCXX__)
#error Not libstdc++
#endif
int main() { return 0; }


Performing C++ SOURCE FILE Test LLVM_DEFAULT_TO_GLIBCXX_USE_CXX11_ABI succeeded with the following output:
Change Dir: /app/data/workspaces/li-langverse/lic/code_implementer-1780876152096/repo/build-local/CMakeFiles/CMakeScratch/TryCompile-9DNejy

Run Build Command(s):/usr/bin/ninja cmTC_79590 && [1/2] Building CXX object CMakeFiles/cmTC_79590.dir/src.cxx.o
[2/2] Linking CXX executable cmTC_79590


Source file was:

#include <string>
#if _GLIBCXX_USE_CXX11_ABI == 0
#error _GLIBCXX_USE_CXX11_ABI not active
#endif
int main() { return 0; }


Performing C SOURCE FILE Test C_SUPPORTS_FPIC succeeded with the following output:
Change Dir: /app/data/workspaces/li-langverse/lic/code_implementer-1780876152096/repo/build-local/CMakeFiles/CMakeScratch/TryCompile-TNpSsM

Run Build Command(s):/usr/bin/ninja cmTC_846c5 && [1/2] Building C object CMakeFiles/cmTC_846c5.dir/src.c.o
[2/2] Linking C executable cmTC_846c5


Source file was:
int main(void) { return 0; }

Performing C++ SOURCE FILE Test CXX_SUPPORTS_FPIC succeeded with the following output:
Change Dir: /app/data/workspaces/li-langverse/lic/code_implementer-1780876152096/repo/build-local/CMakeFiles/CMakeScratch/TryCompile-lboMCp

Run Build Command(s):/usr/bin/ninja cmTC_039bd && [1/2] Building CXX object CMakeFiles/cmTC_039bd.dir/src.cxx.o
[2/2] Linking CXX executable cmTC_039bd


Source file was:
int main() { return 0; }

Performing C SOURCE FILE Test C_SUPPORTS_FNO_SEMANTIC_INTERPOSITION succeeded with the following output:
Change Dir: /app/data/workspaces/li-langverse/lic/code_implementer-1780876152096/repo/build-local/CMakeFiles/CMakeScratch/TryCompile-YQc7ke

Run Build Command(s):/usr/bin/ninja cmTC_93f60 && [1/2] Building C object CMakeFiles/cmTC_93f60.dir/src.c.o
[2/2] Linking C executable cmTC_93f60


Source file was:
int main(void) { return 0; }

Performing C++ SOURCE FILE Test CXX_SUPPORTS_FNO_SEMANTIC_INTERPOSITION succeeded with the following output:
Change Dir: /app/data/workspaces/li-langverse/lic/code_implementer-1780876152096/repo/build-local/CMakeFiles/CMakeScratch/TryCompile-kAfwAg

Run Build Command(s):/usr/bin/ninja cmTC_d8367 && [1/2] Building CXX object CMakeFiles/cmTC_d8367.dir/src.cxx.o
[2/2] Linking CXX executable cmTC_d8367


Source file was:
int main() { return 0; }

Performing C++ SOURCE FILE Test SUPPORTS_FVISIBILITY_INLINES_HIDDEN_FLAG succeeded with the following output:
Change Dir: /app/data/workspaces/li-langverse/lic/code_implementer-1780876152096/repo/build-local/CMakeFiles/CMakeScratch/TryCompile-NoVgOG

Run Build Command(s):/usr/bin/ninja cmTC_3a4ea && [1/2] Building CXX object CMakeFiles/cmTC_3a4ea.dir/src.cxx.o
[2/2] Linking CXX executable cmTC_3a4ea


Source file was:
int main() { return 0; }

Performing C++ SOURCE FILE Test CXX_SUPPORTS_SUGGEST_OVERRIDE_FLAG succeeded with the following output:
Change Dir: /app/data/workspaces/li-langverse/lic/code_implementer-1780876152096/repo/build-local/CMakeFiles/CMakeScratch/TryCompile-Ye2aQ0

Run Build Command(s):/usr/bin/ninja cmTC_fedc5 && [1/2] Building CXX object CMakeFiles/cmTC_fedc5.dir/src.cxx.o
[2/2] Linking CXX executable cmTC_fedc5


Source file was:
int main() { return 0; }

Performing C++ SOURCE FILE Test CXX_WSUGGEST_OVERRIDE_ALLOWS_ONLY_FINAL succeeded with the following output:
Change Dir: /app/data/workspaces/li-langverse/lic/code_implementer-1780876152096/repo/build-local/CMakeFiles/CMakeScratch/TryCompile-eTYzFf

Run Build Command(s):/usr/bin/ninja cmTC_5f826 && [1/2] Building CXX object CMakeFiles/cmTC_5f826.dir/src.cxx.o
/app/data/workspaces/li-langverse/lic/code_implementer-1780876152096/repo/build-local/CMakeFiles/CMakeScratch/TryCompile-eTYzFf/src.cxx:1:7: warning: 'base' has virtual functions but non-virtual destructor [-Wnon-virtual-dtor]
    1 | class base {public: virtual void anchor();};
      |       ^
/app/data/workspaces/li-langverse/lic/code_implementer-1780876152096/repo/build-local/CMakeFiles/CMakeScratch/TryCompile-eTYzFf/src.cxx:2:38: warning: 'derived' has virtual functions but non-virtual destructor [-Wnon-virtual-dtor]
    2 |                                class derived : base {public: void anchor() final;};
      |                                      ^
2 warnings generated.
[2/2] Linking CXX executable cmTC_5f826


Source file was:
class base {public: virtual void anchor();};
                               class derived : base {public: void anchor() final;};
                               int main() { return 0; }

Performing C SOURCE FILE Test C_WCOMMENT_ALLOWS_LINE_WRAP succeeded with the following output:
Change Dir: /app/data/workspaces/li-langverse/lic/code_implementer-1780876152096/repo/build-local/CMakeFiles/CMakeScratch/TryCompile-mdEazu

Run Build Command(s):/usr/bin/ninja cmTC_4eba4 && [1/2] Building C object CMakeFiles/cmTC_4eba4.dir/src.c.o
[2/2] Linking C executable cmTC_4eba4


Source file was:
// \
//
int main(void) {return 0;}

Performing C SOURCE FILE Test C_SUPPORTS_MISLEADING_INDENTATION_FLAG succeeded with the following output:
Change Dir: /app/data/workspaces/li-langverse/lic/code_implementer-1780876152096/repo/build-local/CMakeFiles/CMakeScratch/TryCompile-Rvk9rV

Run Build Command(s):/usr/bin/ninja cmTC_d8fe7 && [1/2] Building C object CMakeFiles/cmTC_d8fe7.dir/src.c.o
[2/2] Linking C executable cmTC_d8fe7


Source file was:
int main(void) { return 0; }

Performing C++ SOURCE FILE Test CXX_SUPPORTS_MISLEADING_INDENTATION_FLAG succeeded with the following output:
Change Dir: /app/data/workspaces/li-langverse/lic/code_implementer-1780876152096/repo/build-local/CMakeFiles/CMakeScratch/TryCompile-Wk5Hu1

Run Build Command(s):/usr/bin/ninja cmTC_691cc && [1/2] Building CXX object CMakeFiles/cmTC_691cc.dir/src.cxx.o
[2/2] Linking CXX executable cmTC_691cc


Source file was:
int main() { return 0; }

Performing C SOURCE FILE Test C_SUPPORTS_CTAD_MAYBE_UNSPPORTED_FLAG succeeded with the following output:
Change Dir: /app/data/workspaces/li-langverse/lic/code_implementer-1780876152096/repo/build-local/CMakeFiles/CMakeScratch/TryCompile-YEdMtg

Run Build Command(s):/usr/bin/ninja cmTC_9859a && [1/2] Building C object CMakeFiles/cmTC_9859a.dir/src.c.o
[2/2] Linking C executable cmTC_9859a


Source file was:
int main(void) { return 0; }

Performing C++ SOURCE FILE Test CXX_SUPPORTS_CTAD_MAYBE_UNSPPORTED_FLAG succeeded with the following output:
Change Dir: /app/data/workspaces/li-langverse/lic/code_implementer-1780876152096/repo/build-local/CMakeFiles/CMakeScratch/TryCompile-i3f6Oq

Run Build Command(s):/usr/bin/ninja cmTC_81845 && [1/2] Building CXX object CMakeFiles/cmTC_81845.dir/src.cxx.o
[2/2] Linking CXX executable cmTC_81845


Source file was:
int main() { return 0; }

Determining if the flock exist passed with the following output:
Change Dir: /app/data/workspaces/li-langverse/lic/code_implementer-1780876152096/repo/build-local/CMakeFiles/CMakeScratch/TryCompile-enHr87

Run Build Command(s):/usr/bin/ninja cmTC_6820f && [1/2] Building C object CMakeFiles/cmTC_6820f.dir/CheckSymbolExists.c.o
[2/2] Linking C executable cmTC_6820f


File CheckSymbolExists.c:
/* */
#include <sys/file.h>

int main(int argc, char** argv)
{
  (void)argv;
#ifndef flock
  return ((int*)(&flock))[argc];
#else
  (void)argc;
  return 0;
#endif
}
