Determining if the os_signpost_interval_begin exist failed with the following output:
Change Dir: /app/data/workspaces/li-langverse/lic/code_implementer-1780912032312/repo/build-local/CMakeFiles/CMakeScratch/TryCompile-W4yE31

Run Build Command(s):/usr/bin/gmake -f Makefile cmTC_f4fb6/fast && /usr/bin/gmake  -f CMakeFiles/cmTC_f4fb6.dir/build.make CMakeFiles/cmTC_f4fb6.dir/build
gmake[1]: Entering directory '/app/data/workspaces/li-langverse/lic/code_implementer-1780912032312/repo/build-local/CMakeFiles/CMakeScratch/TryCompile-W4yE31'
Building C object CMakeFiles/cmTC_f4fb6.dir/CheckSymbolExists.c.o
/usr/bin/clang-22   -fPIC -fno-semantic-interposition  -Wall -Wextra -Wno-unused-parameter -Wwrite-strings -Wcast-qual -Wmissing-field-initializers -Wimplicit-fallthrough -Wcovered-switch-default -Wstring-conversion -Wmisleading-indentation -Wctad-maybe-unsupported -ffunction-sections -fdata-sections  -MD -MT CMakeFiles/cmTC_f4fb6.dir/CheckSymbolExists.c.o -MF CMakeFiles/cmTC_f4fb6.dir/CheckSymbolExists.c.o.d -o CMakeFiles/cmTC_f4fb6.dir/CheckSymbolExists.c.o -c /app/data/workspaces/li-langverse/lic/code_implementer-1780912032312/repo/build-local/CMakeFiles/CMakeScratch/TryCompile-W4yE31/CheckSymbolExists.c
/app/data/workspaces/li-langverse/lic/code_implementer-1780912032312/repo/build-local/CMakeFiles/CMakeScratch/TryCompile-W4yE31/CheckSymbolExists.c:2:10: fatal error: 'os/signpost.h' file not found
    2 | #include <os/signpost.h>
      |          ^~~~~~~~~~~~~~~
1 error generated.
gmake[1]: *** [CMakeFiles/cmTC_f4fb6.dir/build.make:79: CMakeFiles/cmTC_f4fb6.dir/CheckSymbolExists.c.o] Error 1
gmake[1]: Leaving directory '/app/data/workspaces/li-langverse/lic/code_implementer-1780912032312/repo/build-local/CMakeFiles/CMakeScratch/TryCompile-W4yE31'
gmake: *** [Makefile:127: cmTC_f4fb6/fast] Error 2


File CheckSymbolExists.c:
/* */
#include <os/signpost.h>

int main(int argc, char** argv)
{
  (void)argv;
#ifndef os_signpost_interval_begin
  return ((int*)(&os_signpost_interval_begin))[argc];
#else
  (void)argc;
  return 0;
#endif
}
